../Core/Src/main.c:88:6:send_json_to_esp32	184	static
../Core/Src/main.c:102:5:main	32	static
../Core/Src/main.c:231:6:SystemClock_Config	88	static
../Core/Src/main.c:278:13:MX_ADC1_Init	24	static
../Core/Src/main.c:325:13:MX_I2C1_Init	8	static
../Core/Src/main.c:359:13:MX_TIM1_Init	32	static
../Core/Src/main.c:405:13:MX_TIM2_Init	64	static
../Core/Src/main.c:464:13:MX_TIM3_Init	56	static
../Core/Src/main.c:513:13:MX_USART2_UART_Init	8	static
../Core/Src/main.c:546:13:MX_GPIO_Init	40	static
../Core/Src/main.c:590:6:HAL_GPIO_EXTI_Callback	16	static
../Core/Src/main.c:606:6:Error_Handler	4	static,ignoring_inline_asm
